nohup: ignoring input
[INFO] Scanning for projects...
[INFO] 
[INFO] -----------------------< com.barea:java-backend >-----------------------
[INFO] Building java-backend 0.0.1-SNAPSHOT
[INFO]   from pom.xml
[INFO] --------------------------------[ jar ]---------------------------------
[INFO] 
[INFO] >>> spring-boot:4.1.1:run (default-cli) > test-compile @ java-backend >>>
[INFO] 
[INFO] --- resources:3.5.0:resources (default-resources) @ java-backend ---
[INFO] Copying 1 resource from src/main/resources to target/classes
[INFO] Copying 2 resources from src/main/resources to target/classes
[INFO] 
[INFO] --- compiler:3.15.0:compile (default-compile) @ java-backend ---
[INFO] Nothing to compile - all classes are up to date.
[INFO] 
[INFO] --- resources:3.5.0:testResources (default-testResources) @ java-backend ---
[INFO] Copying 2 resources from src/test/resources to target/test-classes
[INFO] 
[INFO] --- compiler:3.15.0:testCompile (default-testCompile) @ java-backend ---
[INFO] Nothing to compile - all classes are up to date.
[INFO] 
[INFO] <<< spring-boot:4.1.1:run (default-cli) < test-compile @ java-backend <<<
[INFO] 
[INFO] 
[INFO] --- spring-boot:4.1.1:run (default-cli) @ java-backend ---
[INFO] Attaching agents: []

  .   ____          _            __ _ _
 /\\ / ___'_ __ _ _(_)_ __  __ _ \ \ \ \
( ( )\___ | '_ | '_| | '_ \/ _` | \ \ \ \
 \\/  ___)| |_)| | | | | || (_| |  ) ) ) )
  '  |____| .__|_| |_|_| |_\__, | / / / /
 =========|_|==============|___/=/_/_/_/

 :: Spring Boot ::                (v4.1.1)

2026-09-21T15:30:25.510+05:30  INFO 544660 --- [barea-backend] [           main] com.barea.JavaBackendApplication         : Starting JavaBackendApplication using Java 25.0.4.1 with PID 544660 (/home/hrishikesh-ubuntu/B_Area/java-backend/target/classes started by hrishikesh-ubuntu in /home/hrishikesh-ubuntu/B_Area/java-backend)
2026-09-21T15:30:25.516+05:30  INFO 544660 --- [barea-backend] [           main] com.barea.JavaBackendApplication         : No active profile set, falling back to 1 default profile: "default"
2026-09-21T15:30:27.336+05:30  INFO 544660 --- [barea-backend] [           main] .s.d.r.c.RepositoryConfigurationDelegate : Bootstrapping Spring Data JPA repositories in DEFAULT mode.
2026-09-21T15:30:27.386+05:30  INFO 544660 --- [barea-backend] [           main] .s.d.r.c.RepositoryConfigurationDelegate : Finished Spring Data repository scanning in 30 ms. Found 0 JPA repository interfaces.
2026-09-21T15:30:28.699+05:30  INFO 544660 --- [barea-backend] [           main] o.s.boot.tomcat.TomcatWebServer          : Tomcat initialized with port 8080 (http)
2026-09-21T15:30:28.734+05:30  INFO 544660 --- [barea-backend] [           main] o.apache.catalina.core.StandardService   : Starting service [Tomcat]
2026-09-21T15:30:28.734+05:30  INFO 544660 --- [barea-backend] [           main] o.apache.catalina.core.StandardEngine    : Starting Servlet engine: [Apache Tomcat/11.0.24]
2026-09-21T15:30:28.913+05:30  INFO 544660 --- [barea-backend] [           main] b.w.c.s.WebApplicationContextInitializer : Root WebApplicationContext: initialization completed in 3278 ms
2026-09-21T15:30:29.503+05:30  INFO 544660 --- [barea-backend] [           main] com.zaxxer.hikari.HikariDataSource       : HikariPool-1 - Starting...
2026-09-21T15:30:29.847+05:30  INFO 544660 --- [barea-backend] [           main] com.zaxxer.hikari.pool.HikariPool        : HikariPool-1 - Added connection org.postgresql.jdbc.PgConnection@4f3356c0
2026-09-21T15:30:29.849+05:30  INFO 544660 --- [barea-backend] [           main] com.zaxxer.hikari.HikariDataSource       : HikariPool-1 - Start completed.
2026-09-21T15:30:29.891+05:30  INFO 544660 --- [barea-backend] [           main] org.flywaydb.core.FlywayExecutor         : Database: jdbc:postgresql://localhost:5432/barea_db (PostgreSQL 15.4)
2026-09-21T15:30:30.145+05:30  INFO 544660 --- [barea-backend] [           main] o.f.core.internal.command.DbValidate     : Successfully validated 2 migrations (execution time 00:00.097s)
2026-09-21T15:30:30.263+05:30  INFO 544660 --- [barea-backend] [           main] o.f.core.internal.command.DbMigrate      : Current version of schema "public": 2
2026-09-21T15:30:30.266+05:30  WARN 544660 --- [barea-backend] [           main] o.f.core.internal.command.DbMigrate      : Schema "public" has a version (2) that is newer than the latest available migration (1) !
2026-09-21T15:30:30.277+05:30  INFO 544660 --- [barea-backend] [           main] o.f.core.internal.command.DbMigrate      : Schema "public" is up to date. No migration necessary.
2026-09-21T15:30:30.534+05:30  INFO 544660 --- [barea-backend] [           main] org.hibernate.orm.jpa                    : HHH008540: Processing PersistenceUnitInfo [name: default]
2026-09-21T15:30:30.682+05:30  INFO 544660 --- [barea-backend] [           main] org.hibernate.orm.core                   : HHH000001: Hibernate ORM core version 7.4.5.Final
2026-09-21T15:30:31.496+05:30  INFO 544660 --- [barea-backend] [           main] o.s.o.j.p.SpringPersistenceUnitInfo      : No LoadTimeWeaver setup: ignoring JPA class transformer
2026-09-21T15:30:31.615+05:30  WARN 544660 --- [barea-backend] [           main] org.hibernate.orm.deprecation            : HHH90000025: PostgreSQLDialect does not need to be specified explicitly using 'hibernate.dialect' (remove the property setting and it will be selected by default)
2026-09-21T15:30:31.653+05:30  INFO 544660 --- [barea-backend] [           main] org.hibernate.orm.connections.pooling    : HHH10001005: Database info:
	Database JDBC URL [jdbc:postgresql://localhost:5432/barea_db]
	Database driver: PostgreSQL JDBC Driver
	Database dialect: PostgreSQLDialect
	Database version: 15.4
	Default catalog/schema: barea_db/public
	Autocommit mode: undefined/unknown
	Isolation level: READ_COMMITTED [default READ_COMMITTED]
	JDBC fetch size: none
	Pool: DataSourceConnectionProvider
	Minimum pool size: undefined/unknown
	Maximum pool size: undefined/unknown
2026-09-21T15:30:36.459+05:30  INFO 544660 --- [barea-backend] [           main] org.hibernate.orm.core                   : HHH000489: No JTA platform available (set 'hibernate.transaction.jta.platform' to enable JTA platform integration)
2026-09-21T15:30:36.765+05:30  INFO 544660 --- [barea-backend] [           main] j.LocalContainerEntityManagerFactoryBean : Initialized JPA EntityManagerFactory for persistence unit 'default'
2026-09-21T15:30:36.833+05:30  WARN 544660 --- [barea-backend] [           main] ConfigServletWebServerApplicationContext : Exception encountered during context initialization - cancelling refresh attempt: org.springframework.beans.factory.UnsatisfiedDependencyException: Error creating bean with name 'catalogController' defined in file [/home/hrishikesh-ubuntu/B_Area/java-backend/target/classes/com/barea/modules/catalog/controller/CatalogController.class]: Unsatisfied dependency expressed through constructor parameter 0: Error creating bean with name 'productService' defined in file [/home/hrishikesh-ubuntu/B_Area/java-backend/target/classes/com/barea/modules/catalog/service/ProductService.class]: Unsatisfied dependency expressed through constructor parameter 0: No qualifying bean of type 'com.barea.modules.catalog.repository.ProductRepository' available: expected at least 1 bean which qualifies as autowire candidate. Dependency annotations: {}
2026-09-21T15:30:36.834+05:30  INFO 544660 --- [barea-backend] [           main] j.LocalContainerEntityManagerFactoryBean : Closing JPA EntityManagerFactory for persistence unit 'default'
2026-09-21T15:30:36.840+05:30  INFO 544660 --- [barea-backend] [           main] com.zaxxer.hikari.HikariDataSource       : HikariPool-1 - Shutdown initiated...
2026-09-21T15:30:36.851+05:30  INFO 544660 --- [barea-backend] [           main] com.zaxxer.hikari.HikariDataSource       : HikariPool-1 - Shutdown completed.
2026-09-21T15:30:36.861+05:30  INFO 544660 --- [barea-backend] [           main] o.apache.catalina.core.StandardService   : Stopping service [Tomcat]
2026-09-21T15:30:36.916+05:30  INFO 544660 --- [barea-backend] [           main] .s.b.a.l.ConditionEvaluationReportLogger : 

Error starting ApplicationContext. To display the condition evaluation report re-run your application with 'debug' enabled.
2026-09-21T15:30:36.991+05:30 ERROR 544660 --- [barea-backend] [           main] o.s.b.d.LoggingFailureAnalysisReporter   : 

***************************
APPLICATION FAILED TO START
***************************

Description:

Parameter 0 of constructor in com.barea.modules.catalog.service.ProductService required a bean of type 'com.barea.modules.catalog.repository.ProductRepository' that could not be found.


Action:

Consider defining a bean of type 'com.barea.modules.catalog.repository.ProductRepository' in your configuration.

[INFO] ------------------------------------------------------------------------
[INFO] BUILD FAILURE
[INFO] ------------------------------------------------------------------------
[INFO] Total time:  18.298 s
[INFO] Finished at: 2026-09-21T15:30:37+05:30
[INFO] ------------------------------------------------------------------------
[ERROR] Failed to execute goal org.springframework.boot:spring-boot-maven-plugin:4.1.1:run (default-cli) on project java-backend: Process terminated with exit code: 1 -> [Help 1]
[ERROR] 
[ERROR] To see the full stack trace of the errors, re-run Maven with the -e switch.
[ERROR] Re-run Maven using the -X switch to enable full debug logging.
[ERROR] 
[ERROR] For more information about the errors and possible solutions, please read the following articles:
[ERROR] [Help 1] http://cwiki.apache.org/confluence/display/MAVEN/MojoExecutionException
